[25] token_norm: rho +0.010 R@25 0.250 | query_cosine: rho +0.025 R@25 0.274 | novelty: rho -0.013 R@25 0.235
[50] token_norm: rho -0.014 R@25 0.241 | query_cosine: rho +0.025 R@25 0.273 | novelty: rho -0.011 R@25 0.242
[75] token_norm: rho -0.016 R@25 0.235 | query_cosine: rho +0.025 R@25 0.282 | novelty: rho -0.008 R@25 0.248
[100] token_norm: rho -0.021 R@25 0.231 | query_cosine: rho +0.026 R@25 0.282 | novelty: rho -0.012 R@25 0.244
[125] token_norm: rho -0.018 R@25 0.234 | query_cosine: rho +0.040 R@25 0.286 | novelty: rho -0.012 R@25 0.243
[150] token_norm: rho -0.026 R@25 0.230 | query_cosine: rho +0.036 R@25 0.284 | novelty: rho -0.011 R@25 0.246
[175] token_norm: rho -0.027 R@25 0.230 | query_cosine: rho +0.036 R@25 0.286 | novelty: rho -0.011 R@25 0.247
[200] token_norm: rho -0.026 R@25 0.230 | query_cosine: rho +0.038 R@25 0.286 | novelty: rho -0.008 R@25 0.248
[225] token_norm: rho -0.024 R@25 0.230 | query_cosine: rho +0.040 R@25 0.286 | novelty: rho -0.009 R@25 0.248
[250] token_norm: rho -0.027 R@25 0.230 | query_cosine: rho +0.038 R@25 0.286 | novelty: rho -0.009 R@25 0.248
[275] token_norm: rho -0.024 R@25 0.230 | query_cosine: rho +0.040 R@25 0.286 | novelty: rho -0.007 R@25 0.248
[300] token_norm: rho -0.022 R@25 0.230 | query_cosine: rho +0.037 R@25 0.286 | novelty: rho -0.007 R@25 0.248
[325] token_norm: rho -0.023 R@25 0.230 | query_cosine: rho +0.040 R@25 0.286 | novelty: rho -0.007 R@25 0.248
[350] token_norm: rho -0.020 R@25 0.230 | query_cosine: rho +0.038 R@25 0.286 | novelty: rho -0.008 R@25 0.248
[375] token_norm: rho -0.020 R@25 0.230 | query_cosine: rho +0.036 R@25 0.286 | novelty: rho -0.007 R@25 0.248
[400] token_norm: rho -0.025 R@25 0.230 | query_cosine: rho +0.037 R@25 0.286 | novelty: rho -0.008 R@25 0.248
[425] token_norm: rho -0.027 R@25 0.229 | query_cosine: rho +0.037 R@25 0.286 | novelty: rho -0.007 R@25 0.248
[450] token_norm: rho -0.029 R@25 0.228 | query_cosine: rho +0.037 R@25 0.286 | novelty: rho -0.008 R@25 0.247
[475] token_norm: rho -0.028 R@25 0.229 | query_cosine: rho +0.037 R@25 0.286 | novelty: rho -0.008 R@25 0.248
[500] token_norm: rho -0.028 R@25 0.227 | query_cosine: rho +0.036 R@25 0.286 | novelty: rho -0.008 R@25 0.246
[525] token_norm: rho -0.027 R@25 0.229 | query_cosine: rho +0.036 R@25 0.286 | novelty: rho -0.008 R@25 0.246
[550] token_norm: rho -0.027 R@25 0.229 | query_cosine: rho +0.035 R@25 0.286 | novelty: rho -0.008 R@25 0.246
[575] token_norm: rho -0.027 R@25 0.229 | query_cosine: rho +0.035 R@25 0.286 | novelty: rho -0.008 R@25 0.246
[600] token_norm: rho -0.027 R@25 0.228 | query_cosine: rho +0.035 R@25 0.286 | novelty: rho -0.009 R@25 0.246
[625] token_norm: rho -0.028 R@25 0.227 | query_cosine: rho +0.035 R@25 0.286 | novelty: rho -0.010 R@25 0.246
[650] token_norm: rho -0.028 R@25 0.226 | query_cosine: rho +0.035 R@25 0.286 | novelty: rho -0.010 R@25 0.244
[675] token_norm: rho -0.028 R@25 0.226 | query_cosine: rho +0.035 R@25 0.286 | novelty: rho -0.010 R@25 0.244
[700] token_norm: rho -0.028 R@25 0.226 | query_cosine: rho +0.035 R@25 0.286 | novelty: rho -0.011 R@25 0.244
[725] token_norm: rho -0.027 R@25 0.227 | query_cosine: rho +0.035 R@25 0.286 | novelty: rho -0.010 R@25 0.244
[750] token_norm: rho -0.027 R@25 0.227 | query_cosine: rho +0.035 R@25 0.286 | novelty: rho -0.010 R@25 0.246
[775] token_norm: rho -0.027 R@25 0.226 | query_cosine: rho +0.035 R@25 0.286 | novelty: rho -0.011 R@25 0.246
[800] token_norm: rho -0.027 R@25 0.226 | query_cosine: rho +0.034 R@25 0.286 | novelty: rho -0.010 R@25 0.246
[825] token_norm: rho -0.027 R@25 0.226 | query_cosine: rho +0.035 R@25 0.286 | novelty: rho -0.011 R@25 0.246
[850] token_norm: rho -0.028 R@25 0.226 | query_cosine: rho +0.035 R@25 0.286 | novelty: rho -0.011 R@25 0.246
[875] token_norm: rho -0.028 R@25 0.226 | query_cosine: rho +0.035 R@25 0.286 | novelty: rho -0.010 R@25 0.246
[900] token_norm: rho -0.028 R@25 0.226 | query_cosine: rho +0.035 R@25 0.286 | novelty: rho -0.010 R@25 0.246
[925] token_norm: rho -0.027 R@25 0.226 | query_cosine: rho +0.035 R@25 0.286 | novelty: rho -0.010 R@25 0.246
[950] token_norm: rho -0.027 R@25 0.226 | query_cosine: rho +0.035 R@25 0.286 | novelty: rho -0.010 R@25 0.246
[975] token_norm: rho -0.027 R@25 0.226 | query_cosine: rho +0.035 R@25 0.286 | novelty: rho -0.010 R@25 0.246
[1000] token_norm: rho -0.027 R@25 0.226 | query_cosine: rho +0.035 R@25 0.286 | novelty: rho -0.011 R@25 0.246
[1025] token_norm: rho -0.027 R@25 0.226 | query_cosine: rho +0.035 R@25 0.286 | novelty: rho -0.011 R@25 0.245
[1050] token_norm: rho -0.027 R@25 0.226 | query_cosine: rho +0.035 R@25 0.286 | novelty: rho -0.011 R@25 0.246
[1075] token_norm: rho -0.028 R@25 0.226 | query_cosine: rho +0.035 R@25 0.286 | novelty: rho -0.010 R@25 0.244
[1100] token_norm: rho -0.028 R@25 0.226 | query_cosine: rho +0.035 R@25 0.286 | novelty: rho -0.011 R@25 0.244
[1125] token_norm: rho -0.027 R@25 0.226 | query_cosine: rho +0.035 R@25 0.286 | novelty: rho -0.011 R@25 0.244
[1150] token_norm: rho -0.028 R@25 0.226 | query_cosine: rho +0.035 R@25 0.286 | novelty: rho -0.011 R@25 0.244
[1175] token_norm: rho -0.027 R@25 0.226 | query_cosine: rho +0.035 R@25 0.286 | novelty: rho -0.011 R@25 0.244
[1200] token_norm: rho -0.028 R@25 0.226 | query_cosine: rho +0.035 R@25 0.286 | novelty: rho -0.011 R@25 0.244
[1225] token_norm: rho -0.028 R@25 0.226 | query_cosine: rho +0.035 R@25 0.286 | novelty: rho -0.010 R@25 0.245
[1250] token_norm: rho -0.028 R@25 0.226 | query_cosine: rho +0.036 R@25 0.286 | novelty: rho -0.010 R@25 0.244
[1275] token_norm: rho -0.028 R@25 0.226 | query_cosine: rho +0.036 R@25 0.286 | novelty: rho -0.011 R@25 0.244
[1300] token_norm: rho -0.028 R@25 0.226 | query_cosine: rho +0.036 R@25 0.286 | novelty: rho -0.010 R@25 0.244
[1325] token_norm: rho -0.028 R@25 0.226 | query_cosine: rho +0.036 R@25 0.286 | novelty: rho -0.011 R@25 0.244
[1350] token_norm: rho -0.027 R@25 0.226 | query_cosine: rho +0.036 R@25 0.286 | novelty: rho -0.010 R@25 0.244
[1375] token_norm: rho -0.028 R@25 0.226 | query_cosine: rho +0.036 R@25 0.286 | novelty: rho -0.011 R@25 0.244
[1400] token_norm: rho -0.028 R@25 0.226 | query_cosine: rho +0.036 R@25 0.286 | novelty: rho -0.011 R@25 0.244
[1425] token_norm: rho -0.027 R@25 0.226 | query_cosine: rho +0.036 R@25 0.286 | novelty: rho -0.011 R@25 0.244
[1450] token_norm: rho -0.027 R@25 0.226 | query_cosine: rho +0.035 R@25 0.286 | novelty: rho -0.011 R@25 0.244
[1475] token_norm: rho -0.027 R@25 0.226 | query_cosine: rho +0.035 R@25 0.286 | novelty: rho -0.011 R@25 0.244
[1500] token_norm: rho -0.027 R@25 0.226 | query_cosine: rho +0.035 R@25 0.286 | novelty: rho -0.011 R@25 0.244
[1525] token_norm: rho -0.027 R@25 0.226 | query_cosine: rho +0.035 R@25 0.286 | novelty: rho -0.011 R@25 0.244
[1550] token_norm: rho -0.027 R@25 0.226 | query_cosine: rho +0.035 R@25 0.286 | novelty: rho -0.011 R@25 0.244
[1575] token_norm: rho -0.027 R@25 0.226 | query_cosine: rho +0.035 R@25 0.286 | novelty: rho -0.011 R@25 0.244
[1600] token_norm: rho -0.027 R@25 0.226 | query_cosine: rho +0.035 R@25 0.286 | novelty: rho -0.011 R@25 0.244
[1625] token_norm: rho -0.027 R@25 0.226 | query_cosine: rho +0.035 R@25 0.286 | novelty: rho -0.011 R@25 0.244
[1650] token_norm: rho -0.027 R@25 0.226 | query_cosine: rho +0.035 R@25 0.286 | novelty: rho -0.011 R@25 0.244
[1675] token_norm: rho -0.027 R@25 0.226 | query_cosine: rho +0.035 R@25 0.286 | novelty: rho -0.011 R@25 0.244
[1700] token_norm: rho -0.027 R@25 0.226 | query_cosine: rho +0.035 R@25 0.286 | novelty: rho -0.011 R@25 0.244
[1725] token_norm: rho -0.027 R@25 0.226 | query_cosine: rho +0.035 R@25 0.286 | novelty: rho -0.011 R@25 0.244
[1750] token_norm: rho -0.027 R@25 0.226 | query_cosine: rho +0.035 R@25 0.286 | novelty: rho -0.011 R@25 0.244
[1775] token_norm: rho -0.027 R@25 0.226 | query_cosine: rho +0.034 R@25 0.286 | novelty: rho -0.011 R@25 0.244
[1800] token_norm: rho -0.027 R@25 0.226 | query_cosine: rho +0.034 R@25 0.286 | novelty: rho -0.011 R@25 0.244
[1825] token_norm: rho -0.027 R@25 0.226 | query_cosine: rho +0.034 R@25 0.286 | novelty: rho -0.011 R@25 0.244
[1850] token_norm: rho -0.027 R@25 0.226 | query_cosine: rho +0.034 R@25 0.286 | novelty: rho -0.011 R@25 0.244
[1875] token_norm: rho -0.027 R@25 0.226 | query_cosine: rho +0.034 R@25 0.286 | novelty: rho -0.011 R@25 0.244
[1900] token_norm: rho -0.027 R@25 0.226 | query_cosine: rho +0.035 R@25 0.286 | novelty: rho -0.011 R@25 0.244
[1925] token_norm: rho -0.027 R@25 0.226 | query_cosine: rho +0.035 R@25 0.286 | novelty: rho -0.012 R@25 0.244
[1950] token_norm: rho -0.027 R@25 0.226 | query_cosine: rho +0.034 R@25 0.286 | novelty: rho -0.011 R@25 0.244
[1975] token_norm: rho -0.027 R@25 0.226 | query_cosine: rho +0.034 R@25 0.286 | novelty: rho -0.011 R@25 0.244
[2000] token_norm: rho -0.027 R@25 0.226 | query_cosine: rho +0.034 R@25 0.286 | novelty: rho -0.011 R@25 0.244
[2025] token_norm: rho -0.027 R@25 0.226 | query_cosine: rho +0.035 R@25 0.286 | novelty: rho -0.011 R@25 0.244
[2050] token_norm: rho -0.027 R@25 0.226 | query_cosine: rho +0.034 R@25 0.286 | novelty: rho -0.011 R@25 0.244
[2075] token_norm: rho -0.027 R@25 0.226 | query_cosine: rho +0.035 R@25 0.286 | novelty: rho -0.011 R@25 0.244
[2100] token_norm: rho -0.027 R@25 0.226 | query_cosine: rho +0.035 R@25 0.286 | novelty: rho -0.011 R@25 0.244
[2125] token_norm: rho -0.027 R@25 0.226 | query_cosine: rho +0.035 R@25 0.286 | novelty: rho -0.011 R@25 0.244
[2150] token_norm: rho -0.027 R@25 0.226 | query_cosine: rho +0.035 R@25 0.286 | novelty: rho -0.011 R@25 0.244
[2175] token_norm: rho -0.027 R@25 0.226 | query_cosine: rho +0.035 R@25 0.286 | novelty: rho -0.011 R@25 0.244
[2200] token_norm: rho -0.027 R@25 0.226 | query_cosine: rho +0.035 R@25 0.286 | novelty: rho -0.011 R@25 0.244
[2225] token_norm: rho -0.027 R@25 0.226 | query_cosine: rho +0.035 R@25 0.286 | novelty: rho -0.011 R@25 0.244
[2250] token_norm: rho -0.027 R@25 0.226 | query_cosine: rho +0.035 R@25 0.286 | novelty: rho -0.011 R@25 0.244
[2275] token_norm: rho -0.027 R@25 0.226 | query_cosine: rho +0.035 R@25 0.286 | novelty: rho -0.011 R@25 0.244
[2300] token_norm: rho -0.027 R@25 0.226 | query_cosine: rho +0.035 R@25 0.286 | novelty: rho -0.011 R@25 0.244
[2325] token_norm: rho -0.027 R@25 0.226 | query_cosine: rho +0.035 R@25 0.286 | novelty: rho -0.012 R@25 0.244
[2350] token_norm: rho -0.027 R@25 0.226 | query_cosine: rho +0.035 R@25 0.286 | novelty: rho -0.012 R@25 0.244
[2375] token_norm: rho -0.027 R@25 0.226 | query_cosine: rho +0.034 R@25 0.286 | novelty: rho -0.012 R@25 0.244
[2400] token_norm: rho -0.027 R@25 0.226 | query_cosine: rho +0.034 R@25 0.286 | novelty: rho -0.012 R@25 0.244
[2425] token_norm: rho -0.027 R@25 0.226 | query_cosine: rho +0.035 R@25 0.286 | novelty: rho -0.012 R@25 0.244
[2450] token_norm: rho -0.027 R@25 0.226 | query_cosine: rho +0.035 R@25 0.286 | novelty: rho -0.012 R@25 0.244
[2475] token_norm: rho -0.027 R@25 0.226 | query_cosine: rho +0.035 R@25 0.286 | novelty: rho -0.012 R@25 0.244
[2500] token_norm: rho -0.027 R@25 0.226 | query_cosine: rho +0.035 R@25 0.286 | novelty: rho -0.012 R@25 0.244
[2525] token_norm: rho -0.027 R@25 0.226 | query_cosine: rho +0.035 R@25 0.286 | novelty: rho -0.012 R@25 0.244
[2550] token_norm: rho -0.027 R@25 0.226 | query_cosine: rho +0.035 R@25 0.286 | novelty: rho -0.012 R@25 0.244
[2575] token_norm: rho -0.027 R@25 0.226 | query_cosine: rho +0.035 R@25 0.286 | novelty: rho -0.012 R@25 0.244
[2600] token_norm: rho -0.027 R@25 0.226 | query_cosine: rho +0.035 R@25 0.286 | novelty: rho -0.012 R@25 0.244
[2625] token_norm: rho -0.027 R@25 0.226 | query_cosine: rho +0.035 R@25 0.286 | novelty: rho -0.012 R@25 0.244
[2650] token_norm: rho -0.027 R@25 0.226 | query_cosine: rho +0.035 R@25 0.286 | novelty: rho -0.012 R@25 0.244
[2675] token_norm: rho -0.027 R@25 0.226 | query_cosine: rho +0.035 R@25 0.286 | novelty: rho -0.012 R@25 0.244
[2700] token_norm: rho -0.027 R@25 0.226 | query_cosine: rho +0.035 R@25 0.286 | novelty: rho -0.012 R@25 0.244
[2725] token_norm: rho -0.027 R@25 0.226 | query_cosine: rho +0.035 R@25 0.286 | novelty: rho -0.012 R@25 0.244
[2750] token_norm: rho -0.027 R@25 0.226 | query_cosine: rho +0.035 R@25 0.286 | novelty: rho -0.012 R@25 0.244
[2775] token_norm: rho -0.027 R@25 0.226 | query_cosine: rho +0.035 R@25 0.286 | novelty: rho -0.012 R@25 0.244
[2800] token_norm: rho -0.027 R@25 0.226 | query_cosine: rho +0.035 R@25 0.286 | novelty: rho -0.013 R@25 0.244
[2825] token_norm: rho -0.027 R@25 0.226 | query_cosine: rho +0.035 R@25 0.286 | novelty: rho -0.012 R@25 0.244
[2850] token_norm: rho -0.027 R@25 0.226 | query_cosine: rho +0.035 R@25 0.286 | novelty: rho -0.012 R@25 0.244
[2875] token_norm: rho -0.027 R@25 0.226 | query_cosine: rho +0.035 R@25 0.286 | novelty: rho -0.012 R@25 0.244
[2900] token_norm: rho -0.027 R@25 0.226 | query_cosine: rho +0.035 R@25 0.286 | novelty: rho -0.012 R@25 0.244
[2925] token_norm: rho -0.027 R@25 0.226 | query_cosine: rho +0.035 R@25 0.286 | novelty: rho -0.013 R@25 0.244
[2950] token_norm: rho -0.027 R@25 0.226 | query_cosine: rho +0.035 R@25 0.286 | novelty: rho -0.013 R@25 0.244
[2975] token_norm: rho -0.027 R@25 0.226 | query_cosine: rho +0.035 R@25 0.286 | novelty: rho -0.013 R@25 0.244
[3000] token_norm: rho -0.027 R@25 0.226 | query_cosine: rho +0.035 R@25 0.286 | novelty: rho -0.013 R@25 0.244
[3025] token_norm: rho -0.027 R@25 0.226 | query_cosine: rho +0.035 R@25 0.286 | novelty: rho -0.013 R@25 0.244
[3050] token_norm: rho -0.027 R@25 0.226 | query_cosine: rho +0.034 R@25 0.286 | novelty: rho -0.013 R@25 0.244
[3075] token_norm: rho -0.027 R@25 0.226 | query_cosine: rho +0.034 R@25 0.286 | novelty: rho -0.013 R@25 0.244
[3100] token_norm: rho -0.027 R@25 0.226 | query_cosine: rho +0.034 R@25 0.286 | novelty: rho -0.013 R@25 0.244
[3125] token_norm: rho -0.027 R@25 0.226 | query_cosine: rho +0.034 R@25 0.286 | novelty: rho -0.013 R@25 0.244
[3150] token_norm: rho -0.027 R@25 0.226 | query_cosine: rho +0.034 R@25 0.286 | novelty: rho -0.013 R@25 0.244
[3175] token_norm: rho -0.027 R@25 0.226 | query_cosine: rho +0.034 R@25 0.286 | novelty: rho -0.013 R@25 0.244
[3200] token_norm: rho -0.027 R@25 0.226 | query_cosine: rho +0.034 R@25 0.286 | novelty: rho -0.013 R@25 0.244
[3225] token_norm: rho -0.027 R@25 0.226 | query_cosine: rho +0.034 R@25 0.286 | novelty: rho -0.013 R@25 0.244
[3250] token_norm: rho -0.027 R@25 0.226 | query_cosine: rho +0.034 R@25 0.286 | novelty: rho -0.013 R@25 0.244
[3275] token_norm: rho -0.027 R@25 0.226 | query_cosine: rho +0.034 R@25 0.286 | novelty: rho -0.013 R@25 0.244
[3300] token_norm: rho -0.027 R@25 0.226 | query_cosine: rho +0.034 R@25 0.286 | novelty: rho -0.013 R@25 0.244
[3325] token_norm: rho -0.027 R@25 0.226 | query_cosine: rho +0.034 R@25 0.286 | novelty: rho -0.013 R@25 0.244
[3350] token_norm: rho -0.027 R@25 0.226 | query_cosine: rho +0.034 R@25 0.286 | novelty: rho -0.013 R@25 0.244
[3375] token_norm: rho -0.027 R@25 0.226 | query_cosine: rho +0.034 R@25 0.286 | novelty: rho -0.013 R@25 0.244
[3400] token_norm: rho -0.027 R@25 0.226 | query_cosine: rho +0.034 R@25 0.286 | novelty: rho -0.013 R@25 0.244
[3425] token_norm: rho -0.027 R@25 0.226 | query_cosine: rho +0.034 R@25 0.286 | novelty: rho -0.013 R@25 0.244
[3450] token_norm: rho -0.027 R@25 0.226 | query_cosine: rho +0.034 R@25 0.286 | novelty: rho -0.013 R@25 0.244
[3475] token_norm: rho -0.027 R@25 0.226 | query_cosine: rho +0.034 R@25 0.286 | novelty: rho -0.013 R@25 0.244
[3500] token_norm: rho -0.027 R@25 0.226 | query_cosine: rho +0.034 R@25 0.286 | novelty: rho -0.013 R@25 0.244
[3525] token_norm: rho -0.027 R@25 0.226 | query_cosine: rho +0.034 R@25 0.286 | novelty: rho -0.013 R@25 0.244
[3550] token_norm: rho -0.027 R@25 0.226 | query_cosine: rho +0.034 R@25 0.286 | novelty: rho -0.013 R@25 0.244
[3575] token_norm: rho -0.027 R@25 0.226 | query_cosine: rho +0.034 R@25 0.286 | novelty: rho -0.013 R@25 0.244
[3600] token_norm: rho -0.027 R@25 0.226 | query_cosine: rho +0.034 R@25 0.286 | novelty: rho -0.013 R@25 0.244
[3625] token_norm: rho -0.027 R@25 0.226 | query_cosine: rho +0.034 R@25 0.286 | novelty: rho -0.013 R@25 0.244
[3650] token_norm: rho -0.027 R@25 0.226 | query_cosine: rho +0.034 R@25 0.286 | novelty: rho -0.013 R@25 0.244
[3675] token_norm: rho -0.027 R@25 0.226 | query_cosine: rho +0.034 R@25 0.286 | novelty: rho -0.013 R@25 0.244
[3700] token_norm: rho -0.027 R@25 0.226 | query_cosine: rho +0.034 R@25 0.286 | novelty: rho -0.013 R@25 0.244
[3725] token_norm: rho -0.026 R@25 0.226 | query_cosine: rho +0.034 R@25 0.286 | novelty: rho -0.013 R@25 0.244
[3750] token_norm: rho -0.026 R@25 0.226 | query_cosine: rho +0.034 R@25 0.286 | novelty: rho -0.013 R@25 0.244
[3775] token_norm: rho -0.027 R@25 0.226 | query_cosine: rho +0.034 R@25 0.286 | novelty: rho -0.013 R@25 0.244
[3800] token_norm: rho -0.026 R@25 0.226 | query_cosine: rho +0.034 R@25 0.286 | novelty: rho -0.013 R@25 0.243
[3825] token_norm: rho -0.026 R@25 0.226 | query_cosine: rho +0.034 R@25 0.286 | novelty: rho -0.013 R@25 0.244
[3850] token_norm: rho -0.026 R@25 0.226 | query_cosine: rho +0.034 R@25 0.286 | novelty: rho -0.013 R@25 0.243
[3875] token_norm: rho -0.027 R@25 0.226 | query_cosine: rho +0.034 R@25 0.286 | novelty: rho -0.013 R@25 0.243
[3900] token_norm: rho -0.026 R@25 0.226 | query_cosine: rho +0.034 R@25 0.286 | novelty: rho -0.013 R@25 0.244
[3925] token_norm: rho -0.026 R@25 0.226 | query_cosine: rho +0.034 R@25 0.286 | novelty: rho -0.013 R@25 0.243
[3950] token_norm: rho -0.026 R@25 0.226 | query_cosine: rho +0.034 R@25 0.286 | novelty: rho -0.013 R@25 0.243
[3975] token_norm: rho -0.026 R@25 0.226 | query_cosine: rho +0.034 R@25 0.286 | novelty: rho -0.013 R@25 0.243
[4000] token_norm: rho -0.026 R@25 0.226 | query_cosine: rho +0.034 R@25 0.286 | novelty: rho -0.013 R@25 0.243
[4025] token_norm: rho -0.026 R@25 0.226 | query_cosine: rho +0.034 R@25 0.286 | novelty: rho -0.013 R@25 0.243
[4050] token_norm: rho -0.026 R@25 0.226 | query_cosine: rho +0.034 R@25 0.286 | novelty: rho -0.013 R@25 0.244
[4075] token_norm: rho -0.026 R@25 0.226 | query_cosine: rho +0.034 R@25 0.286 | novelty: rho -0.013 R@25 0.244
[4100] token_norm: rho -0.026 R@25 0.226 | query_cosine: rho +0.034 R@25 0.286 | novelty: rho -0.013 R@25 0.244
[4125] token_norm: rho -0.026 R@25 0.226 | query_cosine: rho +0.034 R@25 0.286 | novelty: rho -0.013 R@25 0.244
[4150] token_norm: rho -0.027 R@25 0.226 | query_cosine: rho +0.034 R@25 0.286 | novelty: rho -0.013 R@25 0.244
[4175] token_norm: rho -0.027 R@25 0.226 | query_cosine: rho +0.034 R@25 0.286 | novelty: rho -0.013 R@25 0.244
[4200] token_norm: rho -0.027 R@25 0.226 | query_cosine: rho +0.034 R@25 0.286 | novelty: rho -0.013 R@25 0.244
[4225] token_norm: rho -0.027 R@25 0.226 | query_cosine: rho +0.034 R@25 0.286 | novelty: rho -0.013 R@25 0.244
[4250] token_norm: rho -0.027 R@25 0.226 | query_cosine: rho +0.034 R@25 0.286 | novelty: rho -0.013 R@25 0.244
[4275] token_norm: rho -0.027 R@25 0.226 | query_cosine: rho +0.034 R@25 0.286 | novelty: rho -0.013 R@25 0.244
[4300] token_norm: rho -0.027 R@25 0.226 | query_cosine: rho +0.034 R@25 0.286 | novelty: rho -0.013 R@25 0.244
[4325] token_norm: rho -0.027 R@25 0.226 | query_cosine: rho +0.034 R@25 0.286 | novelty: rho -0.013 R@25 0.244
[4350] token_norm: rho -0.027 R@25 0.226 | query_cosine: rho +0.034 R@25 0.286 | novelty: rho -0.013 R@25 0.244
[4375] token_norm: rho -0.027 R@25 0.226 | query_cosine: rho +0.034 R@25 0.286 | novelty: rho -0.013 R@25 0.244
[4400] token_norm: rho -0.027 R@25 0.226 | query_cosine: rho +0.034 R@25 0.286 | novelty: rho -0.013 R@25 0.244
[4425] token_norm: rho -0.027 R@25 0.226 | query_cosine: rho +0.034 R@25 0.286 | novelty: rho -0.013 R@25 0.244
[4450] token_norm: rho -0.027 R@25 0.226 | query_cosine: rho +0.034 R@25 0.286 | novelty: rho -0.013 R@25 0.244
[4475] token_norm: rho -0.026 R@25 0.226 | query_cosine: rho +0.034 R@25 0.286 | novelty: rho -0.013 R@25 0.244
[4500] token_norm: rho -0.026 R@25 0.226 | query_cosine: rho +0.034 R@25 0.286 | novelty: rho -0.013 R@25 0.244
[4525] token_norm: rho -0.027 R@25 0.226 | query_cosine: rho +0.034 R@25 0.286 | novelty: rho -0.013 R@25 0.244
[4550] token_norm: rho -0.027 R@25 0.226 | query_cosine: rho +0.034 R@25 0.286 | novelty: rho -0.013 R@25 0.244
[4575] token_norm: rho -0.027 R@25 0.226 | query_cosine: rho +0.034 R@25 0.286 | novelty: rho -0.013 R@25 0.244
[4600] token_norm: rho -0.027 R@25 0.226 | query_cosine: rho +0.034 R@25 0.286 | novelty: rho -0.013 R@25 0.244
[4625] token_norm: rho -0.027 R@25 0.226 | query_cosine: rho +0.034 R@25 0.286 | novelty: rho -0.013 R@25 0.244
[4650] token_norm: rho -0.027 R@25 0.226 | query_cosine: rho +0.034 R@25 0.286 | novelty: rho -0.013 R@25 0.244
[4675] token_norm: rho -0.027 R@25 0.226 | query_cosine: rho +0.034 R@25 0.286 | novelty: rho -0.013 R@25 0.244
[4700] token_norm: rho -0.027 R@25 0.226 | query_cosine: rho +0.034 R@25 0.286 | novelty: rho -0.013 R@25 0.244
[4725] token_norm: rho -0.027 R@25 0.226 | query_cosine: rho +0.034 R@25 0.286 | novelty: rho -0.013 R@25 0.244
[4750] token_norm: rho -0.027 R@25 0.226 | query_cosine: rho +0.034 R@25 0.286 | novelty: rho -0.013 R@25 0.244
[4775] token_norm: rho -0.027 R@25 0.226 | query_cosine: rho +0.034 R@25 0.286 | novelty: rho -0.013 R@25 0.244
[4800] token_norm: rho -0.027 R@25 0.226 | query_cosine: rho +0.034 R@25 0.286 | novelty: rho -0.013 R@25 0.244
[4825] token_norm: rho -0.027 R@25 0.226 | query_cosine: rho +0.034 R@25 0.286 | novelty: rho -0.013 R@25 0.244
[4850] token_norm: rho -0.027 R@25 0.226 | query_cosine: rho +0.033 R@25 0.286 | novelty: rho -0.013 R@25 0.244
[4875] token_norm: rho -0.027 R@25 0.226 | query_cosine: rho +0.033 R@25 0.286 | novelty: rho -0.013 R@25 0.244
[4900] token_norm: rho -0.027 R@25 0.226 | query_cosine: rho +0.034 R@25 0.286 | novelty: rho -0.013 R@25 0.244
[4925] token_norm: rho -0.027 R@25 0.226 | query_cosine: rho +0.034 R@25 0.286 | novelty: rho -0.013 R@25 0.244
[4950] token_norm: rho -0.027 R@25 0.226 | query_cosine: rho +0.034 R@25 0.286 | novelty: rho -0.013 R@25 0.244
[4975] token_norm: rho -0.027 R@25 0.226 | query_cosine: rho +0.034 R@25 0.286 | novelty: rho -0.013 R@25 0.244

==== ORACLE vs FEATURE-ONLY SIGNALS ====
  videos: 4996   (recall@25 chance baseline ~ 0.25)
  token_norm    median Spearman -0.027   IQR [-0.068, +0.016]   recall@25 0.226
  query_cosine  median Spearman +0.033   IQR [+0.000, +0.068]   recall@25 0.286
  novelty       median Spearman -0.013   IQR [-0.049, +0.025]   recall@25 0.244

  Read:
   all signals ~0 Spearman, R@25 ~ chance  -> oracle NOT feature-predictable
        => loss change won't help; this is the negative-transfer finding.
   strong query_cosine corr                -> oracle ~ semantic relevance (which ties uniform)
   norm/novelty corr clearly > chance      -> a cheap feature signal exists; CE worth trying
