[25] token_norm: rho -0.046 R@25 0.210 | query_cosine: rho +0.034 R@25 0.274 | novelty: rho -0.003 R@25 0.246
[50] token_norm: rho -0.054 R@25 0.205 | query_cosine: rho +0.031 R@25 0.284 | novelty: rho -0.015 R@25 0.248
[75] token_norm: rho -0.057 R@25 0.200 | query_cosine: rho +0.034 R@25 0.284 | novelty: rho -0.003 R@25 0.246
[100] token_norm: rho -0.053 R@25 0.200 | query_cosine: rho +0.037 R@25 0.285 | novelty: rho +0.000 R@25 0.247
[125] token_norm: rho -0.059 R@25 0.196 | query_cosine: rho +0.037 R@25 0.286 | novelty: rho -0.000 R@25 0.248
[150] token_norm: rho -0.059 R@25 0.196 | query_cosine: rho +0.037 R@25 0.286 | novelty: rho -0.002 R@25 0.247
[175] token_norm: rho -0.061 R@25 0.194 | query_cosine: rho +0.037 R@25 0.286 | novelty: rho -0.003 R@25 0.246
[200] token_norm: rho -0.062 R@25 0.193 | query_cosine: rho +0.037 R@25 0.286 | novelty: rho -0.003 R@25 0.246
[225] token_norm: rho -0.061 R@25 0.194 | query_cosine: rho +0.038 R@25 0.286 | novelty: rho -0.003 R@25 0.246
[250] token_norm: rho -0.060 R@25 0.195 | query_cosine: rho +0.040 R@25 0.286 | novelty: rho -0.006 R@25 0.245
[275] token_norm: rho -0.064 R@25 0.194 | query_cosine: rho +0.038 R@25 0.286 | novelty: rho -0.008 R@25 0.246
[300] token_norm: rho -0.064 R@25 0.194 | query_cosine: rho +0.038 R@25 0.286 | novelty: rho -0.009 R@25 0.244
[325] token_norm: rho -0.066 R@25 0.194 | query_cosine: rho +0.038 R@25 0.286 | novelty: rho -0.009 R@25 0.244
[350] token_norm: rho -0.065 R@25 0.193 | query_cosine: rho +0.037 R@25 0.286 | novelty: rho -0.010 R@25 0.244
[375] token_norm: rho -0.065 R@25 0.194 | query_cosine: rho +0.038 R@25 0.286 | novelty: rho -0.010 R@25 0.244
[400] token_norm: rho -0.064 R@25 0.194 | query_cosine: rho +0.037 R@25 0.286 | novelty: rho -0.010 R@25 0.244
[425] token_norm: rho -0.066 R@25 0.194 | query_cosine: rho +0.038 R@25 0.284 | novelty: rho -0.010 R@25 0.244
[450] token_norm: rho -0.065 R@25 0.194 | query_cosine: rho +0.038 R@25 0.284 | novelty: rho -0.010 R@25 0.244
[475] token_norm: rho -0.064 R@25 0.194 | query_cosine: rho +0.038 R@25 0.284 | novelty: rho -0.010 R@25 0.244
[500] token_norm: rho -0.063 R@25 0.194 | query_cosine: rho +0.038 R@25 0.284 | novelty: rho -0.010 R@25 0.244
[525] token_norm: rho -0.064 R@25 0.194 | query_cosine: rho +0.038 R@25 0.284 | novelty: rho -0.010 R@25 0.244
[550] token_norm: rho -0.063 R@25 0.194 | query_cosine: rho +0.038 R@25 0.284 | novelty: rho -0.010 R@25 0.244
[575] token_norm: rho -0.064 R@25 0.194 | query_cosine: rho +0.038 R@25 0.284 | novelty: rho -0.010 R@25 0.244
[600] token_norm: rho -0.064 R@25 0.194 | query_cosine: rho +0.037 R@25 0.284 | novelty: rho -0.010 R@25 0.244
[625] token_norm: rho -0.063 R@25 0.194 | query_cosine: rho +0.036 R@25 0.282 | novelty: rho -0.011 R@25 0.244
[650] token_norm: rho -0.063 R@25 0.194 | query_cosine: rho +0.036 R@25 0.282 | novelty: rho -0.011 R@25 0.244
[675] token_norm: rho -0.064 R@25 0.194 | query_cosine: rho +0.036 R@25 0.282 | novelty: rho -0.011 R@25 0.244
[700] token_norm: rho -0.064 R@25 0.194 | query_cosine: rho +0.036 R@25 0.282 | novelty: rho -0.012 R@25 0.244
[725] token_norm: rho -0.062 R@25 0.194 | query_cosine: rho +0.035 R@25 0.282 | novelty: rho -0.012 R@25 0.244
[750] token_norm: rho -0.061 R@25 0.194 | query_cosine: rho +0.035 R@25 0.283 | novelty: rho -0.012 R@25 0.244
[775] token_norm: rho -0.062 R@25 0.194 | query_cosine: rho +0.035 R@25 0.284 | novelty: rho -0.012 R@25 0.244
[800] token_norm: rho -0.061 R@25 0.194 | query_cosine: rho +0.035 R@25 0.284 | novelty: rho -0.012 R@25 0.244
[825] token_norm: rho -0.062 R@25 0.194 | query_cosine: rho +0.035 R@25 0.284 | novelty: rho -0.011 R@25 0.246
[850] token_norm: rho -0.062 R@25 0.194 | query_cosine: rho +0.035 R@25 0.284 | novelty: rho -0.011 R@25 0.244
[875] token_norm: rho -0.063 R@25 0.194 | query_cosine: rho +0.035 R@25 0.284 | novelty: rho -0.010 R@25 0.246
[900] token_norm: rho -0.063 R@25 0.194 | query_cosine: rho +0.035 R@25 0.284 | novelty: rho -0.011 R@25 0.245
[925] token_norm: rho -0.063 R@25 0.194 | query_cosine: rho +0.035 R@25 0.284 | novelty: rho -0.011 R@25 0.245
[950] token_norm: rho -0.064 R@25 0.194 | query_cosine: rho +0.035 R@25 0.284 | novelty: rho -0.011 R@25 0.244
[975] token_norm: rho -0.064 R@25 0.194 | query_cosine: rho +0.034 R@25 0.284 | novelty: rho -0.011 R@25 0.244
[1000] token_norm: rho -0.064 R@25 0.194 | query_cosine: rho +0.035 R@25 0.284 | novelty: rho -0.011 R@25 0.244
[1025] token_norm: rho -0.065 R@25 0.194 | query_cosine: rho +0.035 R@25 0.284 | novelty: rho -0.010 R@25 0.244
[1050] token_norm: rho -0.065 R@25 0.194 | query_cosine: rho +0.035 R@25 0.284 | novelty: rho -0.010 R@25 0.244
[1075] token_norm: rho -0.064 R@25 0.194 | query_cosine: rho +0.035 R@25 0.284 | novelty: rho -0.010 R@25 0.244
[1100] token_norm: rho -0.064 R@25 0.194 | query_cosine: rho +0.035 R@25 0.284 | novelty: rho -0.011 R@25 0.244
[1125] token_norm: rho -0.064 R@25 0.194 | query_cosine: rho +0.035 R@25 0.284 | novelty: rho -0.011 R@25 0.244
[1150] token_norm: rho -0.064 R@25 0.194 | query_cosine: rho +0.035 R@25 0.284 | novelty: rho -0.011 R@25 0.244
[1175] token_norm: rho -0.064 R@25 0.194 | query_cosine: rho +0.035 R@25 0.284 | novelty: rho -0.011 R@25 0.244
[1200] token_norm: rho -0.064 R@25 0.194 | query_cosine: rho +0.036 R@25 0.284 | novelty: rho -0.011 R@25 0.244
[1225] token_norm: rho -0.064 R@25 0.194 | query_cosine: rho +0.036 R@25 0.284 | novelty: rho -0.011 R@25 0.244
[1250] token_norm: rho -0.064 R@25 0.194 | query_cosine: rho +0.036 R@25 0.284 | novelty: rho -0.010 R@25 0.244
[1275] token_norm: rho -0.064 R@25 0.194 | query_cosine: rho +0.036 R@25 0.284 | novelty: rho -0.010 R@25 0.244
[1300] token_norm: rho -0.064 R@25 0.194 | query_cosine: rho +0.036 R@25 0.284 | novelty: rho -0.010 R@25 0.244
[1325] token_norm: rho -0.064 R@25 0.194 | query_cosine: rho +0.036 R@25 0.284 | novelty: rho -0.010 R@25 0.244
[1350] token_norm: rho -0.064 R@25 0.194 | query_cosine: rho +0.035 R@25 0.284 | novelty: rho -0.010 R@25 0.246
[1375] token_norm: rho -0.065 R@25 0.194 | query_cosine: rho +0.035 R@25 0.284 | novelty: rho -0.010 R@25 0.246
[1400] token_norm: rho -0.065 R@25 0.194 | query_cosine: rho +0.035 R@25 0.284 | novelty: rho -0.010 R@25 0.246
[1425] token_norm: rho -0.065 R@25 0.194 | query_cosine: rho +0.035 R@25 0.284 | novelty: rho -0.010 R@25 0.246
[1450] token_norm: rho -0.065 R@25 0.194 | query_cosine: rho +0.035 R@25 0.284 | novelty: rho -0.010 R@25 0.246
[1475] token_norm: rho -0.065 R@25 0.194 | query_cosine: rho +0.035 R@25 0.284 | novelty: rho -0.010 R@25 0.246
[1500] token_norm: rho -0.065 R@25 0.194 | query_cosine: rho +0.035 R@25 0.284 | novelty: rho -0.010 R@25 0.244
[1525] token_norm: rho -0.065 R@25 0.194 | query_cosine: rho +0.035 R@25 0.284 | novelty: rho -0.010 R@25 0.244
[1550] token_norm: rho -0.065 R@25 0.194 | query_cosine: rho +0.035 R@25 0.284 | novelty: rho -0.010 R@25 0.244
[1575] token_norm: rho -0.065 R@25 0.194 | query_cosine: rho +0.036 R@25 0.284 | novelty: rho -0.010 R@25 0.244
[1600] token_norm: rho -0.065 R@25 0.194 | query_cosine: rho +0.035 R@25 0.284 | novelty: rho -0.010 R@25 0.244
[1625] token_norm: rho -0.066 R@25 0.194 | query_cosine: rho +0.035 R@25 0.284 | novelty: rho -0.010 R@25 0.244
[1650] token_norm: rho -0.065 R@25 0.195 | query_cosine: rho +0.035 R@25 0.284 | novelty: rho -0.011 R@25 0.244
[1675] token_norm: rho -0.065 R@25 0.194 | query_cosine: rho +0.035 R@25 0.284 | novelty: rho -0.010 R@25 0.244
[1700] token_norm: rho -0.065 R@25 0.194 | query_cosine: rho +0.035 R@25 0.284 | novelty: rho -0.010 R@25 0.244
[1725] token_norm: rho -0.065 R@25 0.194 | query_cosine: rho +0.035 R@25 0.284 | novelty: rho -0.011 R@25 0.244
[1750] token_norm: rho -0.065 R@25 0.194 | query_cosine: rho +0.035 R@25 0.284 | novelty: rho -0.010 R@25 0.244
[1775] token_norm: rho -0.065 R@25 0.194 | query_cosine: rho +0.035 R@25 0.284 | novelty: rho -0.010 R@25 0.244
[1800] token_norm: rho -0.065 R@25 0.194 | query_cosine: rho +0.035 R@25 0.284 | novelty: rho -0.010 R@25 0.244
[1825] token_norm: rho -0.064 R@25 0.194 | query_cosine: rho +0.035 R@25 0.284 | novelty: rho -0.010 R@25 0.244
[1850] token_norm: rho -0.065 R@25 0.194 | query_cosine: rho +0.035 R@25 0.284 | novelty: rho -0.010 R@25 0.245
[1875] token_norm: rho -0.065 R@25 0.194 | query_cosine: rho +0.035 R@25 0.284 | novelty: rho -0.009 R@25 0.245
[1900] token_norm: rho -0.065 R@25 0.194 | query_cosine: rho +0.035 R@25 0.284 | novelty: rho -0.009 R@25 0.245
[1925] token_norm: rho -0.065 R@25 0.194 | query_cosine: rho +0.034 R@25 0.284 | novelty: rho -0.009 R@25 0.244
[1950] token_norm: rho -0.065 R@25 0.194 | query_cosine: rho +0.034 R@25 0.284 | novelty: rho -0.010 R@25 0.244
[1975] token_norm: rho -0.065 R@25 0.194 | query_cosine: rho +0.034 R@25 0.284 | novelty: rho -0.010 R@25 0.244
[2000] token_norm: rho -0.065 R@25 0.194 | query_cosine: rho +0.035 R@25 0.284 | novelty: rho -0.010 R@25 0.244
[2025] token_norm: rho -0.065 R@25 0.194 | query_cosine: rho +0.035 R@25 0.284 | novelty: rho -0.010 R@25 0.244
[2050] token_norm: rho -0.065 R@25 0.194 | query_cosine: rho +0.035 R@25 0.284 | novelty: rho -0.010 R@25 0.244
[2075] token_norm: rho -0.065 R@25 0.194 | query_cosine: rho +0.035 R@25 0.284 | novelty: rho -0.010 R@25 0.244
[2100] token_norm: rho -0.065 R@25 0.194 | query_cosine: rho +0.035 R@25 0.284 | novelty: rho -0.010 R@25 0.244
[2125] token_norm: rho -0.065 R@25 0.194 | query_cosine: rho +0.035 R@25 0.284 | novelty: rho -0.010 R@25 0.244
[2150] token_norm: rho -0.065 R@25 0.194 | query_cosine: rho +0.035 R@25 0.284 | novelty: rho -0.010 R@25 0.244
[2175] token_norm: rho -0.065 R@25 0.194 | query_cosine: rho +0.035 R@25 0.284 | novelty: rho -0.010 R@25 0.244
[2200] token_norm: rho -0.065 R@25 0.194 | query_cosine: rho +0.035 R@25 0.284 | novelty: rho -0.010 R@25 0.244
[2225] token_norm: rho -0.065 R@25 0.194 | query_cosine: rho +0.035 R@25 0.284 | novelty: rho -0.010 R@25 0.244
[2250] token_norm: rho -0.065 R@25 0.194 | query_cosine: rho +0.035 R@25 0.284 | novelty: rho -0.010 R@25 0.244
[2275] token_norm: rho -0.065 R@25 0.194 | query_cosine: rho +0.035 R@25 0.284 | novelty: rho -0.010 R@25 0.244
[2300] token_norm: rho -0.065 R@25 0.195 | query_cosine: rho +0.035 R@25 0.284 | novelty: rho -0.010 R@25 0.244
[2325] token_norm: rho -0.065 R@25 0.195 | query_cosine: rho +0.035 R@25 0.284 | novelty: rho -0.010 R@25 0.244
[2350] token_norm: rho -0.065 R@25 0.195 | query_cosine: rho +0.035 R@25 0.284 | novelty: rho -0.009 R@25 0.244
[2375] token_norm: rho -0.065 R@25 0.195 | query_cosine: rho +0.035 R@25 0.284 | novelty: rho -0.010 R@25 0.244
[2400] token_norm: rho -0.065 R@25 0.195 | query_cosine: rho +0.035 R@25 0.284 | novelty: rho -0.010 R@25 0.244
[2425] token_norm: rho -0.065 R@25 0.195 | query_cosine: rho +0.035 R@25 0.284 | novelty: rho -0.010 R@25 0.244
[2450] token_norm: rho -0.065 R@25 0.195 | query_cosine: rho +0.035 R@25 0.284 | novelty: rho -0.010 R@25 0.244
[2475] token_norm: rho -0.065 R@25 0.195 | query_cosine: rho +0.035 R@25 0.284 | novelty: rho -0.010 R@25 0.244
[2500] token_norm: rho -0.066 R@25 0.195 | query_cosine: rho +0.035 R@25 0.284 | novelty: rho -0.010 R@25 0.244
[2525] token_norm: rho -0.066 R@25 0.195 | query_cosine: rho +0.035 R@25 0.284 | novelty: rho -0.010 R@25 0.244
[2550] token_norm: rho -0.065 R@25 0.195 | query_cosine: rho +0.036 R@25 0.284 | novelty: rho -0.009 R@25 0.244
[2575] token_norm: rho -0.065 R@25 0.195 | query_cosine: rho +0.036 R@25 0.284 | novelty: rho -0.009 R@25 0.244
[2600] token_norm: rho -0.065 R@25 0.195 | query_cosine: rho +0.035 R@25 0.284 | novelty: rho -0.009 R@25 0.244
[2625] token_norm: rho -0.065 R@25 0.195 | query_cosine: rho +0.035 R@25 0.284 | novelty: rho -0.009 R@25 0.244
[2650] token_norm: rho -0.065 R@25 0.195 | query_cosine: rho +0.035 R@25 0.284 | novelty: rho -0.009 R@25 0.244
[2675] token_norm: rho -0.066 R@25 0.194 | query_cosine: rho +0.035 R@25 0.284 | novelty: rho -0.009 R@25 0.244
[2700] token_norm: rho -0.066 R@25 0.194 | query_cosine: rho +0.035 R@25 0.284 | novelty: rho -0.009 R@25 0.244
[2725] token_norm: rho -0.066 R@25 0.195 | query_cosine: rho +0.035 R@25 0.284 | novelty: rho -0.009 R@25 0.244
[2750] token_norm: rho -0.066 R@25 0.195 | query_cosine: rho +0.035 R@25 0.284 | novelty: rho -0.009 R@25 0.244
[2775] token_norm: rho -0.066 R@25 0.195 | query_cosine: rho +0.035 R@25 0.284 | novelty: rho -0.009 R@25 0.245
[2800] token_norm: rho -0.065 R@25 0.195 | query_cosine: rho +0.035 R@25 0.284 | novelty: rho -0.009 R@25 0.246
[2825] token_norm: rho -0.065 R@25 0.195 | query_cosine: rho +0.035 R@25 0.284 | novelty: rho -0.009 R@25 0.246
[2850] token_norm: rho -0.065 R@25 0.195 | query_cosine: rho +0.035 R@25 0.284 | novelty: rho -0.009 R@25 0.246
[2875] token_norm: rho -0.066 R@25 0.195 | query_cosine: rho +0.035 R@25 0.284 | novelty: rho -0.009 R@25 0.246
[2900] token_norm: rho -0.066 R@25 0.195 | query_cosine: rho +0.035 R@25 0.284 | novelty: rho -0.009 R@25 0.246
[2925] token_norm: rho -0.066 R@25 0.194 | query_cosine: rho +0.035 R@25 0.284 | novelty: rho -0.009 R@25 0.246
[2950] token_norm: rho -0.066 R@25 0.195 | query_cosine: rho +0.035 R@25 0.284 | novelty: rho -0.010 R@25 0.246
[2975] token_norm: rho -0.066 R@25 0.195 | query_cosine: rho +0.035 R@25 0.284 | novelty: rho -0.010 R@25 0.246
[3000] token_norm: rho -0.066 R@25 0.195 | query_cosine: rho +0.035 R@25 0.284 | novelty: rho -0.010 R@25 0.246
[3025] token_norm: rho -0.066 R@25 0.195 | query_cosine: rho +0.035 R@25 0.284 | novelty: rho -0.010 R@25 0.246
[3050] token_norm: rho -0.066 R@25 0.196 | query_cosine: rho +0.035 R@25 0.284 | novelty: rho -0.010 R@25 0.246
[3075] token_norm: rho -0.066 R@25 0.195 | query_cosine: rho +0.035 R@25 0.284 | novelty: rho -0.010 R@25 0.246
[3100] token_norm: rho -0.066 R@25 0.196 | query_cosine: rho +0.035 R@25 0.284 | novelty: rho -0.009 R@25 0.246
[3125] token_norm: rho -0.066 R@25 0.196 | query_cosine: rho +0.035 R@25 0.284 | novelty: rho -0.009 R@25 0.246
[3150] token_norm: rho -0.066 R@25 0.196 | query_cosine: rho +0.035 R@25 0.284 | novelty: rho -0.009 R@25 0.246
[3175] token_norm: rho -0.066 R@25 0.196 | query_cosine: rho +0.035 R@25 0.284 | novelty: rho -0.009 R@25 0.246
[3200] token_norm: rho -0.066 R@25 0.196 | query_cosine: rho +0.035 R@25 0.284 | novelty: rho -0.009 R@25 0.246
[3225] token_norm: rho -0.066 R@25 0.196 | query_cosine: rho +0.035 R@25 0.284 | novelty: rho -0.009 R@25 0.246
[3250] token_norm: rho -0.066 R@25 0.196 | query_cosine: rho +0.035 R@25 0.284 | novelty: rho -0.009 R@25 0.246
[3275] token_norm: rho -0.066 R@25 0.196 | query_cosine: rho +0.035 R@25 0.284 | novelty: rho -0.009 R@25 0.246
[3300] token_norm: rho -0.066 R@25 0.196 | query_cosine: rho +0.035 R@25 0.284 | novelty: rho -0.009 R@25 0.246
[3325] token_norm: rho -0.066 R@25 0.196 | query_cosine: rho +0.035 R@25 0.284 | novelty: rho -0.009 R@25 0.246
[3350] token_norm: rho -0.066 R@25 0.196 | query_cosine: rho +0.035 R@25 0.284 | novelty: rho -0.009 R@25 0.246
[3375] token_norm: rho -0.066 R@25 0.196 | query_cosine: rho +0.035 R@25 0.284 | novelty: rho -0.009 R@25 0.246
[3400] token_norm: rho -0.066 R@25 0.196 | query_cosine: rho +0.035 R@25 0.284 | novelty: rho -0.010 R@25 0.246
[3425] token_norm: rho -0.066 R@25 0.196 | query_cosine: rho +0.035 R@25 0.284 | novelty: rho -0.010 R@25 0.246
[3450] token_norm: rho -0.066 R@25 0.196 | query_cosine: rho +0.035 R@25 0.284 | novelty: rho -0.010 R@25 0.246
[3475] token_norm: rho -0.066 R@25 0.196 | query_cosine: rho +0.035 R@25 0.284 | novelty: rho -0.010 R@25 0.246
[3500] token_norm: rho -0.066 R@25 0.196 | query_cosine: rho +0.035 R@25 0.284 | novelty: rho -0.010 R@25 0.246
[3525] token_norm: rho -0.066 R@25 0.196 | query_cosine: rho +0.035 R@25 0.284 | novelty: rho -0.009 R@25 0.246
[3550] token_norm: rho -0.066 R@25 0.195 | query_cosine: rho +0.035 R@25 0.284 | novelty: rho -0.009 R@25 0.246
[3575] token_norm: rho -0.066 R@25 0.195 | query_cosine: rho +0.035 R@25 0.284 | novelty: rho -0.009 R@25 0.246
[3600] token_norm: rho -0.066 R@25 0.195 | query_cosine: rho +0.035 R@25 0.284 | novelty: rho -0.010 R@25 0.246
[3625] token_norm: rho -0.066 R@25 0.194 | query_cosine: rho +0.035 R@25 0.284 | novelty: rho -0.010 R@25 0.246
[3650] token_norm: rho -0.066 R@25 0.194 | query_cosine: rho +0.035 R@25 0.284 | novelty: rho -0.010 R@25 0.246
[3675] token_norm: rho -0.066 R@25 0.194 | query_cosine: rho +0.035 R@25 0.284 | novelty: rho -0.010 R@25 0.246
[3700] token_norm: rho -0.066 R@25 0.194 | query_cosine: rho +0.035 R@25 0.284 | novelty: rho -0.009 R@25 0.246
[3725] token_norm: rho -0.067 R@25 0.194 | query_cosine: rho +0.035 R@25 0.284 | novelty: rho -0.009 R@25 0.246
[3750] token_norm: rho -0.066 R@25 0.194 | query_cosine: rho +0.035 R@25 0.284 | novelty: rho -0.009 R@25 0.246
[3775] token_norm: rho -0.066 R@25 0.194 | query_cosine: rho +0.035 R@25 0.284 | novelty: rho -0.009 R@25 0.246
[3800] token_norm: rho -0.066 R@25 0.194 | query_cosine: rho +0.035 R@25 0.284 | novelty: rho -0.009 R@25 0.246
[3825] token_norm: rho -0.066 R@25 0.194 | query_cosine: rho +0.035 R@25 0.284 | novelty: rho -0.009 R@25 0.246
[3850] token_norm: rho -0.066 R@25 0.194 | query_cosine: rho +0.035 R@25 0.284 | novelty: rho -0.009 R@25 0.246
[3875] token_norm: rho -0.066 R@25 0.194 | query_cosine: rho +0.035 R@25 0.284 | novelty: rho -0.009 R@25 0.246
[3900] token_norm: rho -0.066 R@25 0.194 | query_cosine: rho +0.035 R@25 0.284 | novelty: rho -0.009 R@25 0.246
[3925] token_norm: rho -0.066 R@25 0.194 | query_cosine: rho +0.035 R@25 0.284 | novelty: rho -0.009 R@25 0.246
[3950] token_norm: rho -0.066 R@25 0.194 | query_cosine: rho +0.035 R@25 0.284 | novelty: rho -0.009 R@25 0.246
[3975] token_norm: rho -0.066 R@25 0.194 | query_cosine: rho +0.035 R@25 0.284 | novelty: rho -0.009 R@25 0.246
[4000] token_norm: rho -0.066 R@25 0.194 | query_cosine: rho +0.035 R@25 0.284 | novelty: rho -0.009 R@25 0.246
[4025] token_norm: rho -0.066 R@25 0.194 | query_cosine: rho +0.035 R@25 0.284 | novelty: rho -0.009 R@25 0.246
[4050] token_norm: rho -0.066 R@25 0.194 | query_cosine: rho +0.035 R@25 0.284 | novelty: rho -0.009 R@25 0.246
[4075] token_norm: rho -0.066 R@25 0.194 | query_cosine: rho +0.035 R@25 0.284 | novelty: rho -0.009 R@25 0.246
[4100] token_norm: rho -0.066 R@25 0.194 | query_cosine: rho +0.035 R@25 0.284 | novelty: rho -0.009 R@25 0.246
[4125] token_norm: rho -0.066 R@25 0.194 | query_cosine: rho +0.035 R@25 0.284 | novelty: rho -0.009 R@25 0.246
[4150] token_norm: rho -0.066 R@25 0.194 | query_cosine: rho +0.035 R@25 0.284 | novelty: rho -0.009 R@25 0.246
[4175] token_norm: rho -0.066 R@25 0.194 | query_cosine: rho +0.035 R@25 0.284 | novelty: rho -0.009 R@25 0.246
[4200] token_norm: rho -0.066 R@25 0.194 | query_cosine: rho +0.035 R@25 0.284 | novelty: rho -0.009 R@25 0.246
[4225] token_norm: rho -0.066 R@25 0.194 | query_cosine: rho +0.035 R@25 0.284 | novelty: rho -0.009 R@25 0.246
[4250] token_norm: rho -0.066 R@25 0.194 | query_cosine: rho +0.035 R@25 0.284 | novelty: rho -0.009 R@25 0.246
[4275] token_norm: rho -0.066 R@25 0.194 | query_cosine: rho +0.035 R@25 0.284 | novelty: rho -0.009 R@25 0.246
[4300] token_norm: rho -0.066 R@25 0.194 | query_cosine: rho +0.035 R@25 0.284 | novelty: rho -0.009 R@25 0.246
[4325] token_norm: rho -0.066 R@25 0.194 | query_cosine: rho +0.035 R@25 0.284 | novelty: rho -0.009 R@25 0.246
[4350] token_norm: rho -0.066 R@25 0.194 | query_cosine: rho +0.035 R@25 0.284 | novelty: rho -0.009 R@25 0.246
[4375] token_norm: rho -0.067 R@25 0.194 | query_cosine: rho +0.035 R@25 0.284 | novelty: rho -0.009 R@25 0.246
[4400] token_norm: rho -0.066 R@25 0.194 | query_cosine: rho +0.035 R@25 0.284 | novelty: rho -0.009 R@25 0.246
[4425] token_norm: rho -0.066 R@25 0.194 | query_cosine: rho +0.035 R@25 0.284 | novelty: rho -0.009 R@25 0.246
[4450] token_norm: rho -0.066 R@25 0.194 | query_cosine: rho +0.035 R@25 0.284 | novelty: rho -0.009 R@25 0.246
[4475] token_norm: rho -0.066 R@25 0.194 | query_cosine: rho +0.036 R@25 0.284 | novelty: rho -0.009 R@25 0.246
[4500] token_norm: rho -0.066 R@25 0.194 | query_cosine: rho +0.036 R@25 0.284 | novelty: rho -0.009 R@25 0.246
[4525] token_norm: rho -0.067 R@25 0.194 | query_cosine: rho +0.036 R@25 0.284 | novelty: rho -0.009 R@25 0.246
[4550] token_norm: rho -0.067 R@25 0.194 | query_cosine: rho +0.036 R@25 0.284 | novelty: rho -0.009 R@25 0.246
[4575] token_norm: rho -0.067 R@25 0.194 | query_cosine: rho +0.036 R@25 0.284 | novelty: rho -0.009 R@25 0.246
[4600] token_norm: rho -0.067 R@25 0.194 | query_cosine: rho +0.036 R@25 0.284 | novelty: rho -0.009 R@25 0.246
[4625] token_norm: rho -0.067 R@25 0.194 | query_cosine: rho +0.036 R@25 0.284 | novelty: rho -0.009 R@25 0.246
[4650] token_norm: rho -0.067 R@25 0.194 | query_cosine: rho +0.036 R@25 0.284 | novelty: rho -0.009 R@25 0.246
[4675] token_norm: rho -0.067 R@25 0.194 | query_cosine: rho +0.036 R@25 0.284 | novelty: rho -0.010 R@25 0.246
[4700] token_norm: rho -0.067 R@25 0.194 | query_cosine: rho +0.036 R@25 0.284 | novelty: rho -0.009 R@25 0.246
[4725] token_norm: rho -0.067 R@25 0.194 | query_cosine: rho +0.036 R@25 0.284 | novelty: rho -0.009 R@25 0.246
[4750] token_norm: rho -0.067 R@25 0.194 | query_cosine: rho +0.036 R@25 0.284 | novelty: rho -0.009 R@25 0.246
[4775] token_norm: rho -0.067 R@25 0.194 | query_cosine: rho +0.036 R@25 0.284 | novelty: rho -0.010 R@25 0.246
[4800] token_norm: rho -0.067 R@25 0.194 | query_cosine: rho +0.036 R@25 0.284 | novelty: rho -0.010 R@25 0.246
[4825] token_norm: rho -0.067 R@25 0.194 | query_cosine: rho +0.036 R@25 0.284 | novelty: rho -0.010 R@25 0.246
[4850] token_norm: rho -0.067 R@25 0.194 | query_cosine: rho +0.036 R@25 0.284 | novelty: rho -0.010 R@25 0.246
[4875] token_norm: rho -0.067 R@25 0.194 | query_cosine: rho +0.036 R@25 0.284 | novelty: rho -0.009 R@25 0.246
[4900] token_norm: rho -0.067 R@25 0.194 | query_cosine: rho +0.036 R@25 0.284 | novelty: rho -0.010 R@25 0.246
[4925] token_norm: rho -0.067 R@25 0.194 | query_cosine: rho +0.036 R@25 0.284 | novelty: rho -0.010 R@25 0.246
[4950] token_norm: rho -0.067 R@25 0.194 | query_cosine: rho +0.036 R@25 0.284 | novelty: rho -0.010 R@25 0.246
[4975] token_norm: rho -0.067 R@25 0.194 | query_cosine: rho +0.036 R@25 0.284 | novelty: rho -0.010 R@25 0.246

==== ORACLE vs FEATURE-ONLY SIGNALS ====
  videos: 4996   (recall@25 chance baseline ~ 0.25)
  token_norm    median Spearman -0.067   IQR [-0.100, -0.033]   recall@25 0.194
  query_cosine  median Spearman +0.036   IQR [+0.008, +0.063]   recall@25 0.284
  novelty       median Spearman -0.010   IQR [-0.036, +0.018]   recall@25 0.246

  Read:
   all signals ~0 Spearman, R@25 ~ chance  -> oracle NOT feature-predictable
        => loss change won't help; this is the negative-transfer finding.
   strong query_cosine corr                -> oracle ~ semantic relevance (which ties uniform)
   norm/novelty corr clearly > chance      -> a cheap feature signal exists; CE worth trying
